src/components/Documents/DocumentsTab.tsx(252,44): error TS2339: Property 'id' does not exist on type '{ _isDefault: boolean; id: string; name: string; type: "image" | "pdf"; data?: string | undefined; url?: string | undefined; storagePath?: string | undefined; linkedTo?: string | undefined; date: string; parsedData?: any; } | { ...; }'.
  Property 'id' does not exist on type '{ _isDefault: boolean; name: string; path: string; }'.
src/components/Documents/DocumentsTab.tsx(252,52): error TS2339: Property 'id' does not exist on type '{ _isDefault: boolean; id: string; name: string; type: "image" | "pdf"; data?: string | undefined; url?: string | undefined; storagePath?: string | undefined; linkedTo?: string | undefined; date: string; parsedData?: any; } | { ...; }'.
  Property 'id' does not exist on type '{ _isDefault: boolean; name: string; path: string; }'.
src/components/Documents/DocumentsTab.tsx(252,61): error TS2339: Property 'id' does not exist on type '{ _isDefault: boolean; id: string; name: string; type: "image" | "pdf"; data?: string | undefined; url?: string | undefined; storagePath?: string | undefined; linkedTo?: string | undefined; date: string; parsedData?: any; } | { ...; }'.
  Property 'id' does not exist on type '{ _isDefault: boolean; name: string; path: string; }'.
src/components/Documents/DocumentsTab.tsx(252,71): error TS2339: Property 'path' does not exist on type '{ _isDefault: boolean; id: string; name: string; type: "image" | "pdf"; data?: string | undefined; url?: string | undefined; storagePath?: string | undefined; linkedTo?: string | undefined; date: string; parsedData?: any; } | { ...; }'.
  Property 'path' does not exist on type '{ _isDefault: boolean; id: string; name: string; type: "image" | "pdf"; data?: string | undefined; url?: string | undefined; storagePath?: string | undefined; linkedTo?: string | undefined; date: string; parsedData?: any; }'.
src/components/Documents/DocumentsTab.tsx(252,81): error TS2339: Property 'path' does not exist on type '{ _isDefault: boolean; id: string; name: string; type: "image" | "pdf"; data?: string | undefined; url?: string | undefined; storagePath?: string | undefined; linkedTo?: string | undefined; date: string; parsedData?: any; } | { ...; }'.
  Property 'path' does not exist on type '{ _isDefault: boolean; id: string; name: string; type: "image" | "pdf"; data?: string | undefined; url?: string | undefined; storagePath?: string | undefined; linkedTo?: string | undefined; date: string; parsedData?: any; }'.
src/components/Documents/DocumentsTab.tsx(252,92): error TS2339: Property 'path' does not exist on type '{ _isDefault: boolean; id: string; name: string; type: "image" | "pdf"; data?: string | undefined; url?: string | undefined; storagePath?: string | undefined; linkedTo?: string | undefined; date: string; parsedData?: any; } | { ...; }'.
  Property 'path' does not exist on type '{ _isDefault: boolean; id: string; name: string; type: "image" | "pdf"; data?: string | undefined; url?: string | undefined; storagePath?: string | undefined; linkedTo?: string | undefined; date: string; parsedData?: any; }'.
src/components/Documents/DocumentsTab.tsx(256,34): error TS2339: Property 'id' does not exist on type '{ _isDefault: boolean; id: string; name: string; type: "image" | "pdf"; data?: string | undefined; url?: string | undefined; storagePath?: string | undefined; linkedTo?: string | undefined; date: string; parsedData?: any; } | { ...; }'.
  Property 'id' does not exist on type '{ _isDefault: boolean; name: string; path: string; }'.
src/components/Documents/DocumentsTab.tsx(256,42): error TS2339: Property 'path' does not exist on type '{ _isDefault: boolean; id: string; name: string; type: "image" | "pdf"; data?: string | undefined; url?: string | undefined; storagePath?: string | undefined; linkedTo?: string | undefined; date: string; parsedData?: any; } | { ...; }'.
  Property 'path' does not exist on type '{ _isDefault: boolean; id: string; name: string; type: "image" | "pdf"; data?: string | undefined; url?: string | undefined; storagePath?: string | undefined; linkedTo?: string | undefined; date: string; parsedData?: any; }'.
src/components/Exchange/ExchangeTab.tsx(13,5): error TS2339: Property 'foreignAmount' does not exist on type 'PlannerContextType'.
src/components/Landing/LandingPage.tsx(3,35): error TS6133: 'RefreshCw' is declared but its value is never read.
src/components/Landing/LandingPage.tsx(13,16): error TS6133: 'setTrips' is declared but its value is never read.
src/components/Landing/LandingPage.tsx(32,9): error TS2339: Property 'copyShareLink' does not exist on type 'PlannerContextType'.
src/components/MapComponent.tsx(14,11): error TS6133: 'markersRef' is declared but its value is never read.
src/components/MapComponent.tsx(99,11): error TS6133: 'lastPointsRef' is declared but its value is never read.
src/components/Phrasebook/PhrasebookTab.tsx(19,24): error TS2339: Property 'lang' does not exist on type 'SpeechItem'.
src/components/Phrasebook/PhrasebookTab.tsx(94,57): error TS2554: Expected 1-2 arguments, but got 3.
src/components/Planner/steps/PlannerStep1.tsx(15,9): error TS6133: 'setIsPlanning' is declared but its value is never read.
src/components/Planner/steps/PlannerStep2.tsx(5,38): error TS6133: 'Clock' is declared but its value is never read.
src/components/Planner/steps/PlannerStep6.tsx(25,9): error TS6133: 'generatePlanWithAI' is declared but its value is never read.
src/components/Planner/steps/PlannerStep7.tsx(16,9): error TS6133: 'setActiveTab' is declared but its value is never read.
src/components/Planner/steps/PlannerStep7.tsx(17,9): error TS6133: 'plannerData' is declared but its value is never read.
src/contexts/PlannerContext.tsx(516,24): error TS6133: 'copyShareLink' is declared but its value is never read.
src/contexts/PlannerContext.tsx(517,27): error TS2345: Argument of type '{ plannerState: { isPlanning: boolean; setIsPlanning: React.Dispatch<React.SetStateAction<boolean>>; plannerStep: number; setPlannerStep: React.Dispatch<React.SetStateAction<number>>; ... 14 more ...; resetPlannerState: () => void; }; ... 15 more ...; setCustomFiles: React.Dispatch<...>; }' is not assignable to parameter of type 'UsePlannerActionsProps'.
  Property 'completedItems' is missing in type '{ plannerState: { isPlanning: boolean; setIsPlanning: React.Dispatch<React.SetStateAction<boolean>>; plannerStep: number; setPlannerStep: React.Dispatch<React.SetStateAction<number>>; ... 14 more ...; resetPlannerState: () => void; }; ... 15 more ...; setCustomFiles: React.Dispatch<...>; }' but required in type 'UsePlannerActionsProps'.
src/contexts/PlannerContext.tsx(611,37): error TS2739: Type '{ view: string; setView: Dispatch<SetStateAction<string>>; activeTab: string; setActiveTab: Dispatch<SetStateAction<string>>; ... 153 more ...; isAuthLoading: boolean; }' is missing the following properties from type 'PlannerContextType': jpyAmount, setJpyAmount
src/hooks/planner/useFileActions.ts(38,25): error TS6133: 'data' is declared but its value is never read.
src/hooks/planner/usePlannerState.ts(16,5): error TS6133: 'trip' is declared but its value is never read.
src/hooks/useDocumentAnalysis.ts(237,32): error TS6133: 'text' is declared but its value is never read.
src/hooks/useTripManager.ts(63,31): error TS6133: 'serverIds' is declared but its value is never read.
